../Core/Src/main.c:97:5:main	8	static
../Core/Src/main.c:159:6:SystemClock_Config	88	static
../Core/Src/main.c:206:13:MX_I2C1_Init	8	static
../Core/Src/main.c:240:13:MX_TIM2_Init	56	static
../Core/Src/main.c:289:13:MX_USART2_UART_Init	8	static
../Core/Src/main.c:322:13:MX_GPIO_Init	48	static
../Core/Src/main.c:352:6:laser_on	24	static
../Core/Src/main.c:361:6:laser_state_read	24	static
../Core/Src/main.c:376:6:HAL_TIM_IC_CaptureCallback	16	static
../Core/Src/main.c:388:6:Error_Handler	4	static,ignoring_inline_asm
